// Vitest Snapshot v1

exports[`mount component 1`] = `"<div class=\\"card-label card-label--medium\\">Test Button</div>"`;
