// Vitest Snapshot v1

exports[`mount component 1`] = `
"<div class=\\"item-card\\">
  <div class=\\"item-card__title\\">Testing Item Card</div>
  <div class=\\"item-card__button\\"><button class=\\"simple-button simple-button--default simple-button--small\\">Delete</button></div>
</div>"
`;
